{
  "testMessage": "HELLO, WORLD!",
  "anotherTestMessage": "The quick brown fox jumped over the lazy dog",
  "testMessage_extra": "HELLO, WORLD!_extra",
  "anotherTestMessage_extra": "The quick brown fox jumped over the lazy dog_extra"
}